python : Traceback (most 
recent call last):
At line:1 char:1
+ python test_login_query.py 
> test_output.txt 2>&1
+ ~~~~~~~~~~~~~~~~~~~~~~~~~~~
~~~~~~~~~~~~~~~~~~~~~~
    + CategoryInfo           
   : NotSpecified: (Traceba  
  ck (most recent call las   
 t)::String) [], RemoteEx    
ception
    + FullyQualifiedErrorId  
   : NativeCommandError
 
  File "C:\Users\shrim\AppDat
a\Local\Programs\Python\Pytho
n310\lib\site-packages\sqlalc
hemy\engine\base.py", line 
1967, in _exec_single_context
    self.dialect.do_execute(
  File "C:\Users\shrim\AppDat
a\Local\Programs\Python\Pytho
n310\lib\site-packages\sqlalc
hemy\engine\default.py", 
line 952, in do_execute
    
cursor.execute(statement, 
parameters)
psycopg2.errors.UndefinedColu
mn: column users.district 
does not exist
LINE 1: ...S users_role, 
users.full_name AS 
users_full_name, 
users.dist...
                             
                             
   ^


The above exception was the 
direct cause of the 
following exception:

Traceback (most recent call 
last):
  File "C:\Users\shrim\Downlo
ads\water-guard-ai\test_login
_query.py", line 7, in 
<module>
    user = db.query(User).fil
ter(User.username == "test", 
User.password == 
"test").first()
  File "C:\Users\shrim\AppDat
a\Local\Programs\Python\Pytho
n310\lib\site-packages\sqlalc
hemy\orm\query.py", line 
2759, in first
    return self.limit(1)._ite
r().first()  # type: ignore
  File "C:\Users\shrim\AppDat
a\Local\Programs\Python\Pytho
n310\lib\site-packages\sqlalc
hemy\orm\query.py", line 
2857, in _iter
    result: 
Union[ScalarResult[_T], 
Result[_T]] = 
self.session.execute(
  File "C:\Users\shrim\AppDat
a\Local\Programs\Python\Pytho
n310\lib\site-packages\sqlalc
hemy\orm\session.py", line 
2351, in execute
    return 
self._execute_internal(
  File "C:\Users\shrim\AppDat
a\Local\Programs\Python\Pytho
n310\lib\site-packages\sqlalc
hemy\orm\session.py", line 
2249, in _execute_internal
    result: Result[Any] = com
pile_state_cls.orm_execute_st
atement(
  File "C:\Users\shrim\AppDat
a\Local\Programs\Python\Pytho
n310\lib\site-packages\sqlalc
hemy\orm\context.py", line 
306, in orm_execute_statement
    result = conn.execute(
  File "C:\Users\shrim\AppDat
a\Local\Programs\Python\Pytho
n310\lib\site-packages\sqlalc
hemy\engine\base.py", line 
1419, in execute
    return meth(
  File "C:\Users\shrim\AppDat
a\Local\Programs\Python\Pytho
n310\lib\site-packages\sqlalc
hemy\sql\elements.py", line 
527, in 
_execute_on_connection
    return connection._execut
e_clauseelement(
  File "C:\Users\shrim\AppDat
a\Local\Programs\Python\Pytho
n310\lib\site-packages\sqlalc
hemy\engine\base.py", line 
1641, in 
_execute_clauseelement
    ret = 
self._execute_context(
  File "C:\Users\shrim\AppDat
a\Local\Programs\Python\Pytho
n310\lib\site-packages\sqlalc
hemy\engine\base.py", line 
1846, in _execute_context
    return 
self._exec_single_context(
  File "C:\Users\shrim\AppDat
a\Local\Programs\Python\Pytho
n310\lib\site-packages\sqlalc
hemy\engine\base.py", line 
1986, in _exec_single_context
    
self._handle_dbapi_exception(
  File "C:\Users\shrim\AppDat
a\Local\Programs\Python\Pytho
n310\lib\site-packages\sqlalc
hemy\engine\base.py", line 
2363, in 
_handle_dbapi_exception
    raise sqlalchemy_exceptio
n.with_traceback(exc_info[2])
 from e
  File "C:\Users\shrim\AppDat
a\Local\Programs\Python\Pytho
n310\lib\site-packages\sqlalc
hemy\engine\base.py", line 
1967, in _exec_single_context
    self.dialect.do_execute(
  File "C:\Users\shrim\AppDat
a\Local\Programs\Python\Pytho
n310\lib\site-packages\sqlalc
hemy\engine\default.py", 
line 952, in do_execute
    
cursor.execute(statement, 
parameters)
sqlalchemy.exc.ProgrammingErr
or: (psycopg2.errors.Undefine
dColumn) column 
users.district does not exist
LINE 1: ...S users_role, 
users.full_name AS 
users_full_name, 
users.dist...
                             
                             
   ^

[SQL: SELECT users.id AS 
users_id, users.username AS 
users_username, 
users.password AS 
users_password, users.role 
AS users_role, 
users.full_name AS 
users_full_name, 
users.district AS 
users_district 
FROM users 
WHERE users.username = 
%(username_1)s AND 
users.password = 
%(password_1)s 
 LIMIT %(param_1)s]
[parameters: {'username_1': 
'test', 'password_1': 
'test', 'param_1': 1}]
(Background on this error 
at: https://sqlalche.me/e/20/
f405)
